node.exe : [baseline-browser-mapping] The data in this module is over two 
months old.  To ensure accurate Baseline data, please update: `npm i 
baseline-browser-mapping@latest -D`
At line:1 char:1
+ & "C:\Program Files\nodejs/node.exe" "C:\Program Files\nodejs/node_mo ...
+ ~~~~~~~~~~~~~~~~~~~~~~~~~~~~~~~~~~~~~~~~~~~~~~~~~~~~~~~~~~~~~~~~~~~~~
    + CategoryInfo          : NotSpecified: ([baseline-brows...ping@latest -D` 
   :String) [], RemoteException
    + FullyQualifiedErrorId : NativeCommandError
 
   Γû▓ Next.js 16.0.10 (Turbopack)
   - Environments: .env.local
   - Experiments (use with caution):
     ┬╖ optimizePackageImports

 ΓÜá The "middleware" file convention is deprecated. Please use "proxy" 
instead. Learn more: https://nextjs.org/docs/messages/middleware-to-proxy
   Creating an optimized production build ...
[baseline-browser-mapping] The data in this module is over two months old.  To 
ensure accurate Baseline data, please update: `npm i 
baseline-browser-mapping@latest -D`
 Γ£ô Compiled successfully in 71s
   Running TypeScript ...
