   [1m[38;2;173;127;168mΓû▓ Next.js 16.0.10[39m[22m (Turbopack)
   - Environments: .env.local

 [37m[1m [22m[39m Creating an optimized production build ...
